======================================================================
Experiment: exp_02_ope_fails_shift
Started: 2026-03-05T01:01:54.293058
Output Directory: results/exp_02_ope_fails_shift/20260305_010154
======================================================================


──────────────────────────────────────────────────────────────────────
  Setup & Configuration
──────────────────────────────────────────────────────────────────────

[ENV] Gridworld 5x5, goal=(4, 4), nS=25, nA=4
[PARAMS] N_trajectories=5000, T=50, N_rollout=1000, gamma=0.99

──────────────────────────────────────────────────────────────────────
  Policy Creation
──────────────────────────────────────────────────────────────────────

[POLICIES] Created 3 policies: ['random', 'eps=0.5', 'eps=0.1']

──────────────────────────────────────────────────────────────────────
  Behavior Policy (POOR Coverage - Distribution Shift)
──────────────────────────────────────────────────────────────────────

[BEHAVIOR] Always move right (action=1) - poor coverage
[BEHAVIOR] This creates DISTRIBUTION SHIFT with eval policies

──────────────────────────────────────────────────────────────────────
  Data Collection
──────────────────────────────────────────────────────────────────────

[COLLECT] Policy 1/3: random
[COLLECT]   ✓ Collected 5000 trajectories
[COLLECT] Policy 2/3: eps=0.5
[COLLECT]   ✓ Collected 5000 trajectories
[COLLECT] Policy 3/3: eps=0.1
[COLLECT]   ✓ Collected 5000 trajectories
  → n_trajectories: 5000.000000 (per policy)
  → trajectory_length: 50.000000 (steps)

──────────────────────────────────────────────────────────────────────
  Ground Truth Evaluation (via Rollout)
──────────────────────────────────────────────────────────────────────

[ROLLOUT] Evaluating random...
  → true_value_random: -0.114905
[ROLLOUT] Evaluating eps=0.5...
  → true_value_eps=0.5: 0.735512
[ROLLOUT] Evaluating eps=0.1...
  → true_value_eps=0.1: 0.848639
[GROUND_TRUTH] Ranking (best to worst): ['eps=0.1', 'eps=0.5', 'random']

──────────────────────────────────────────────────────────────────────
  Importance Weight Analysis
──────────────────────────────────────────────────────────────────────

[WEIGHTS] random:
[WEIGHTS]   Min: 7.888609e-31
[WEIGHTS]   Max: 7.888609e-31
[WEIGHTS]   Mean: 7.888609e-31
[WEIGHTS]   Median: 7.888609e-31
[WEIGHTS]   Std: 8.758115e-47
  → weight_max_random: 0.000000 (max importance ratio)
  → weight_mean_random: 0.000000 (mean importance ratio)
[WEIGHTS]   ✓ Saved histogram to weights_histogram_random.png
[WEIGHTS] eps=0.5:
[WEIGHTS]   Min: 4.379058e-43
[WEIGHTS]   Max: 4.379058e-43
[WEIGHTS]   Mean: 4.379058e-43
[WEIGHTS]   Median: 4.379058e-43
[WEIGHTS]   Std: 0.000000e+00
  → weight_max_eps=0.5: 0.000000 (max importance ratio)
  → weight_mean_eps=0.5: 0.000000 (mean importance ratio)
[WEIGHTS]   ✓ Saved histogram to weights_histogram_eps0.5.png
[WEIGHTS] eps=0.1:
[WEIGHTS]   Min: 1.478452e-74
[WEIGHTS]   Max: 1.478452e-74
[WEIGHTS]   Mean: 1.478452e-74
[WEIGHTS]   Median: 1.478452e-74
[WEIGHTS]   Std: 0.000000e+00
  → weight_max_eps=0.1: 0.000000 (max importance ratio)
  → weight_mean_eps=0.1: 0.000000 (mean importance ratio)
[WEIGHTS]   ✓ Saved histogram to weights_histogram_eps0.1.png

──────────────────────────────────────────────────────────────────────
  Off-Policy Evaluation
──────────────────────────────────────────────────────────────────────

[OPE] Method: IS
[OPE]   random: value=-0.0000, ESS=100.0%
  → ess_IS_random: 100.000000 (percentage of N)
[OPE]   eps=0.5: value=-0.0000, ESS=100.0%
  → ess_IS_eps=0.5: 100.000000 (percentage of N)
[OPE]   eps=0.1: value=-0.0000, ESS=100.0%
  → ess_IS_eps=0.1: 100.000000 (percentage of N)
[OPE] Method: WIS
[OPE]   random: value=-0.0000, ESS=100.0%
  → ess_WIS_random: 100.000000 (percentage of N)
[OPE]   eps=0.5: value=-0.0000, ESS=100.0%
  → ess_WIS_eps=0.5: 100.000000 (percentage of N)
[OPE]   eps=0.1: value=-0.0000, ESS=100.0%
  → ess_WIS_eps=0.1: 100.000000 (percentage of N)
[OPE] Method: PDIS
[OPE]   random: value=-0.0026, ESS=100.0%
  → ess_PDIS_random: 100.000000 (percentage of N)
[OPE]   eps=0.5: value=-0.0113, ESS=100.0%
  → ess_PDIS_eps=0.5: 100.000000 (percentage of N)
[OPE]   eps=0.1: value=-0.0263, ESS=100.0%
  → ess_PDIS_eps=0.1: 100.000000 (percentage of N)

──────────────────────────────────────────────────────────────────────
  Ranking Comparison (Distribution Shift Impact)
──────────────────────────────────────────────────────────────────────

[RANKING] IS:
[RANKING]   OPE ranking: ['eps=0.1', 'eps=0.5', 'random']
[RANKING]   Spearman ρ: 1.000000 (FAILED: should be ~0.25)
[RANKING]   Top-1 mismatch: 0
  → spearman_IS: 1.000000 (rank correlation (EXPECTED: low))
  → top1_error_IS: 0.000000 (0=correct, 1=mismatch (EXPECTED: 1))
[RANKING] WIS:
[RANKING]   OPE ranking: ['eps=0.1', 'eps=0.5', 'random']
[RANKING]   Spearman ρ: 1.000000 (FAILED: should be ~0.25)
[RANKING]   Top-1 mismatch: 0
  → spearman_WIS: 1.000000 (rank correlation (EXPECTED: low))
  → top1_error_WIS: 0.000000 (0=correct, 1=mismatch (EXPECTED: 1))
[RANKING] PDIS:
[RANKING]   OPE ranking: ['random', 'eps=0.5', 'eps=0.1']
[RANKING]   Spearman ρ: -1.000000 (FAILED: should be ~0.25)
[RANKING]   Top-1 mismatch: 1
  → spearman_PDIS: -1.000000 (rank correlation (EXPECTED: low))
  → top1_error_PDIS: 1.000000 (0=correct, 1=mismatch (EXPECTED: 1))

──────────────────────────────────────────────────────────────────────
  Visualization
──────────────────────────────────────────────────────────────────────

[VIZ] Saved: scatter_is.png
[VIZ] Saved: scatter_wis.png
[VIZ] Saved: scatter_pdis.png

──────────────────────────────────────────────────────────────────────
  Experiment Summary
──────────────────────────────────────────────────────────────────────

✅ All metrics computed
[SUMMARY] KEY FINDING: Distribution shift breaks OPE ranking
[SUMMARY]   Ground truth: ['eps=0.1', 'eps=0.5', 'random']
[SUMMARY] OPE Spearman correlations (expected: low):
[SUMMARY]   IS: 1.0000
[SUMMARY]   WIS: 1.0000
[SUMMARY]   PDIS: -1.0000
  → experiment_results recorded (Complete results with shift)