======================================================================
Experiment: exp_03_opponent_shift
Started: 2026-03-05T01:14:55.593469
Output Directory: results/exp_03_opponent_shift/20260305_011455
======================================================================


──────────────────────────────────────────────────────────────────────
  Setup & Configuration
──────────────────────────────────────────────────────────────────────

[GAME] Rock-Paper-Scissors, 3x3 zero-sum payoff matrix

──────────────────────────────────────────────────────────────────────
  Opponent Pools (Distribution Shift)
──────────────────────────────────────────────────────────────────────

[POOL_A] 60% Rock, 30% Paper, 10% Scissors
[POOL_B] 10% Rock, 30% Paper, 60% Scissors (SHIFT)

──────────────────────────────────────────────────────────────────────
  Evaluation Policies
──────────────────────────────────────────────────────────────────────

[POLICIES] Created 3 pure-strategy policies: ['AllRock', 'AllPaper', 'AllScissors']

──────────────────────────────────────────────────────────────────────
  Evaluation in Pool A (Training Distribution)
──────────────────────────────────────────────────────────────────────

  → winrate_poolA_AllRock: 0.100000 (vs pool_A)
[POOL_A]   AllRock: 10.00% win rate
  → winrate_poolA_AllPaper: 0.570000 (vs pool_A)
[POOL_A]   AllPaper: 57.00% win rate
  → winrate_poolA_AllScissors: 0.305000 (vs pool_A)
[POOL_A]   AllScissors: 30.50% win rate
[POOL_A] Ranking (best to worst): ['AllPaper', 'AllScissors', 'AllRock']

──────────────────────────────────────────────────────────────────────
  Data Collection (from Pool A)
──────────────────────────────────────────────────────────────────────

[COLLECT] Collecting matches for AllRock...
[COLLECT]   ✓ Collected 5000 matches
[COLLECT] Collecting matches for AllPaper...
[COLLECT]   ✓ Collected 5000 matches
[COLLECT] Collecting matches for AllScissors...
[COLLECT]   ✓ Collected 5000 matches

──────────────────────────────────────────────────────────────────────
  Evaluation in Pool B (Shifted Distribution)
──────────────────────────────────────────────────────────────────────

  → winrate_poolB_AllRock: 0.630000 (vs pool_B)
[POOL_B]   AllRock: 63.00% win rate
  → winrate_poolB_AllPaper: 0.102000 (vs pool_B)
[POOL_B]   AllPaper: 10.20% win rate
  → winrate_poolB_AllScissors: 0.293000 (vs pool_B)
[POOL_B]   AllScissors: 29.30% win rate
[POOL_B] Ranking (best to worst): ['AllRock', 'AllScissors', 'AllPaper']

──────────────────────────────────────────────────────────────────────
  Ranking Analysis
──────────────────────────────────────────────────────────────────────

  → spearman_pool_A_vs_B: -1.000000 (ranking correlation between pools)
[RANKING] Pool A ranking: ['AllPaper', 'AllScissors', 'AllRock']
[RANKING] Pool B ranking: ['AllRock', 'AllScissors', 'AllPaper']
[RANKING] Spearman correlation: -1.0000
[RANKING]   Expected: ρ ≈ -1.0 (opposite rankings)
[RANKING]   Interpretation: Rankings FLIP between pools

──────────────────────────────────────────────────────────────────────
  Visualization
──────────────────────────────────────────────────────────────────────

[VIZ] Saved: winrate_comparison.png
[VIZ] Saved: ranking_flip.png

──────────────────────────────────────────────────────────────────────
  Experiment Summary
──────────────────────────────────────────────────────────────────────

✅ Multi-agent ranking flip analysis complete
[FINDING] Distribution shift changes policy rankings dramatically
[FINDING]   Pool A best: AllPaper
[FINDING]   Pool B best: AllRock
[FINDING]   Spearman correlation: -1.0000
[FINDING]   → OPE data collected in Pool A cannot predict Pool B
  → experiment_results recorded (Multi-agent ranking analysis)