======================================================================
Experiment: exp_03_opponent_shift
Started: 2026-03-05T01:07:02.731020
Output Directory: results/exp_03_opponent_shift/20260305_010702
======================================================================


──────────────────────────────────────────────────────────────────────
  Setup & Configuration
──────────────────────────────────────────────────────────────────────

[GAME] Rock-Paper-Scissors, 3x3 zero-sum payoff matrix

──────────────────────────────────────────────────────────────────────
  Opponent Pools (Distribution Shift)
──────────────────────────────────────────────────────────────────────

❌ ERROR: Experiment failed: __init__() got an unexpected keyword argument 'action_probs'

──────────────────────────────────────────────────────────────────────
  ERROR TRACEBACK
──────────────────────────────────────────────────────────────────────

Traceback (most recent call last):
  File "/Users/dhruv21/VSC-All/Causal_RL/v2/experiments/exp_03_opponent_shift.py", line 71, in main
    opponent_pool_A = MatrixPolicy(
TypeError: __init__() got an unexpected keyword argument 'action_probs'
