======================================================================
Experiment: exp_02_ope_fails_shift
Started: 2026-03-05T01:02:17.638702
Output Directory: results/exp_02_ope_fails_shift/20260305_010217
======================================================================


──────────────────────────────────────────────────────────────────────
  Setup & Configuration
──────────────────────────────────────────────────────────────────────

[ENV] Gridworld 5x5, goal=(4, 4), nS=25, nA=4
[PARAMS] N_trajectories=5000, T=50, N_rollout=1000, gamma=0.99

──────────────────────────────────────────────────────────────────────
  Policy Creation
──────────────────────────────────────────────────────────────────────

[POLICIES] Created 3 policies: ['random', 'eps=0.5', 'eps=0.1']

──────────────────────────────────────────────────────────────────────
  Behavior Policy (POOR Coverage - Distribution Shift)
──────────────────────────────────────────────────────────────────────

[BEHAVIOR] ε-greedy (ε=0.8) biased toward left/down - avoids goal
[BEHAVIOR] This creates DISTRIBUTION SHIFT with eval policies

──────────────────────────────────────────────────────────────────────
  Data Collection
──────────────────────────────────────────────────────────────────────

[COLLECT] Policy 1/3: random
[COLLECT]   ✓ Collected 5000 trajectories
[COLLECT] Policy 2/3: eps=0.5
[COLLECT]   ✓ Collected 5000 trajectories
[COLLECT] Policy 3/3: eps=0.1
[COLLECT]   ✓ Collected 5000 trajectories
  → n_trajectories: 5000.000000 (per policy)
  → trajectory_length: 50.000000 (steps)

──────────────────────────────────────────────────────────────────────
  Ground Truth Evaluation (via Rollout)
──────────────────────────────────────────────────────────────────────

[ROLLOUT] Evaluating random...
  → true_value_random: -0.114905
[ROLLOUT] Evaluating eps=0.5...
  → true_value_eps=0.5: 0.735512
[ROLLOUT] Evaluating eps=0.1...
  → true_value_eps=0.1: 0.848639
[GROUND_TRUTH] Ranking (best to worst): ['eps=0.1', 'eps=0.5', 'random']

──────────────────────────────────────────────────────────────────────
  Importance Weight Analysis
──────────────────────────────────────────────────────────────────────

[WEIGHTS] random:
[WEIGHTS]   Min: 8.156631e-06
[WEIGHTS]   Max: 7.006492e+04
[WEIGHTS]   Mean: 2.165615e+02
[WEIGHTS]   Median: 6.681912e-02
[WEIGHTS]   Std: 2.590487e+03
  → weight_max_random: 70064.923199 (max importance ratio)
  → weight_mean_random: 216.561507 (mean importance ratio)
[WEIGHTS]   ✓ Saved histogram to weights_histogram_random.png
[WEIGHTS] eps=0.5:
[WEIGHTS]   Min: 1.811136e-19
[WEIGHTS]   Max: 4.421718e+22
[WEIGHTS]   Mean: 2.915075e+19
[WEIGHTS]   Median: 7.244543e-10
[WEIGHTS]   Std: 1.090446e+21
  → weight_max_eps=0.5: 44217182991029035335680.000000 (max importance ratio)
  → weight_mean_eps=0.5: 29150745800904175616.000000 (mean importance ratio)
[WEIGHTS]   ✓ Saved histogram to weights_histogram_eps0.5.png
[WEIGHTS] eps=0.1:
[WEIGHTS]   Min: 7.725960e-52
[WEIGHTS]   Max: 3.556163e+28
[WEIGHTS]   Mean: 7.212836e+24
[WEIGHTS]   Median: 3.213054e-36
[WEIGHTS]   Std: 5.029117e+26
  → weight_max_eps=0.1: 35561631834343310339856138240.000000 (max importance ratio)
  → weight_mean_eps=0.1: 7212835587706149232705536.000000 (mean importance ratio)
[WEIGHTS]   ✓ Saved histogram to weights_histogram_eps0.1.png

──────────────────────────────────────────────────────────────────────
  Off-Policy Evaluation
──────────────────────────────────────────────────────────────────────

[OPE] Method: IS
[OPE]   random: value=161.2222, ESS=0.7%
  → ess_IS_random: 0.694025 (percentage of N)
[OPE]   eps=0.5: value=24591075864876388352.0000, ESS=0.1%
  → ess_IS_eps=0.5: 0.071414 (percentage of N)
[OPE]   eps=0.1: value=6225476469786709994766336.0000, ESS=0.0%
  → ess_IS_eps=0.1: 0.020566 (percentage of N)
[OPE] Method: WIS
[OPE]   random: value=0.7445, ESS=0.7%
  → ess_WIS_random: 0.694025 (percentage of N)
[OPE]   eps=0.5: value=0.8436, ESS=0.1%
  → ess_WIS_eps=0.5: 0.071414 (percentage of N)
[OPE]   eps=0.1: value=0.8631, ESS=0.0%
  → ess_WIS_eps=0.1: 0.020566 (percentage of N)
[OPE] Method: PDIS
[OPE]   random: value=15.8431, ESS=0.7%
  → ess_PDIS_random: 0.745222 (percentage of N)
[OPE]   eps=0.5: value=723266937203948416.0000, ESS=0.1%
  → ess_PDIS_eps=0.5: 0.071414 (percentage of N)
[OPE]   eps=0.1: value=158856985780983416487936.0000, ESS=0.0%
  → ess_PDIS_eps=0.1: 0.020566 (percentage of N)

──────────────────────────────────────────────────────────────────────
  Ranking Comparison (Distribution Shift Impact)
──────────────────────────────────────────────────────────────────────

[RANKING] IS:
[RANKING]   OPE ranking: ['eps=0.1', 'eps=0.5', 'random']
[RANKING]   Spearman ρ: 1.000000 (FAILED: should be ~0.25)
[RANKING]   Top-1 mismatch: 0
  → spearman_IS: 1.000000 (rank correlation (EXPECTED: low))
  → top1_error_IS: 0.000000 (0=correct, 1=mismatch (EXPECTED: 1))
[RANKING] WIS:
[RANKING]   OPE ranking: ['eps=0.1', 'eps=0.5', 'random']
[RANKING]   Spearman ρ: 1.000000 (FAILED: should be ~0.25)
[RANKING]   Top-1 mismatch: 0
  → spearman_WIS: 1.000000 (rank correlation (EXPECTED: low))
  → top1_error_WIS: 0.000000 (0=correct, 1=mismatch (EXPECTED: 1))
[RANKING] PDIS:
[RANKING]   OPE ranking: ['eps=0.1', 'eps=0.5', 'random']
[RANKING]   Spearman ρ: 1.000000 (FAILED: should be ~0.25)
[RANKING]   Top-1 mismatch: 0
  → spearman_PDIS: 1.000000 (rank correlation (EXPECTED: low))
  → top1_error_PDIS: 0.000000 (0=correct, 1=mismatch (EXPECTED: 1))

──────────────────────────────────────────────────────────────────────
  Visualization
──────────────────────────────────────────────────────────────────────

[VIZ] Saved: scatter_is.png
[VIZ] Saved: scatter_wis.png
[VIZ] Saved: scatter_pdis.png

──────────────────────────────────────────────────────────────────────
  Experiment Summary
──────────────────────────────────────────────────────────────────────

✅ All metrics computed
[SUMMARY] KEY FINDING: Distribution shift breaks OPE ranking
[SUMMARY]   Ground truth: ['eps=0.1', 'eps=0.5', 'random']
[SUMMARY] OPE Spearman correlations (expected: low):
[SUMMARY]   IS: 1.0000
[SUMMARY]   WIS: 1.0000
[SUMMARY]   PDIS: 1.0000
  → experiment_results recorded (Complete results with shift)