======================================================================
Experiment: exp_01_ope_works
Started: 2026-03-05T00:56:40.248366
Output Directory: results/exp_01_ope_works/20260305_005640
======================================================================


──────────────────────────────────────────────────────────────────────
  Setup & Configuration
──────────────────────────────────────────────────────────────────────

[ENV] Gridworld 5x5, goal=(4, 4), nS=25, nA=4
[PARAMS] N_trajectories=5000, T=50, N_rollout=1000, gamma=0.99

──────────────────────────────────────────────────────────────────────
  Policy Creation
──────────────────────────────────────────────────────────────────────

[POLICIES] Created 3 policies: ['random', 'eps=0.5', 'eps=0.1']

──────────────────────────────────────────────────────────────────────
  Behavior Policy (Good Coverage)
──────────────────────────────────────────────────────────────────────

[BEHAVIOR] eps-greedy with eps=0.3 (good coverage)

──────────────────────────────────────────────────────────────────────
  Data Collection
──────────────────────────────────────────────────────────────────────

[COLLECT] Policy 1/3: random
[COLLECT]   ✓ Collected 5000 trajectories
[COLLECT] Policy 2/3: eps=0.5
[COLLECT]   ✓ Collected 5000 trajectories
[COLLECT] Policy 3/3: eps=0.1
[COLLECT]   ✓ Collected 5000 trajectories
  → n_trajectories: 5000.000000 (per policy)
  → trajectory_length: 50.000000 (steps)

──────────────────────────────────────────────────────────────────────
  Ground Truth Evaluation (via Rollout)
──────────────────────────────────────────────────────────────────────

[ROLLOUT] Evaluating random...
  → true_value_random: -0.114905
[ROLLOUT] Evaluating eps=0.5...
  → true_value_eps=0.5: 0.735512
[ROLLOUT] Evaluating eps=0.1...
  → true_value_eps=0.1: 0.848639
[GROUND_TRUTH] Ranking (best to worst): ['eps=0.1', 'eps=0.5', 'random']

──────────────────────────────────────────────────────────────────────
  Off-Policy Evaluation
──────────────────────────────────────────────────────────────────────

[OPE] Method: IS
[OPE]   random: value=0.0000, ESS=0.0%
[OPE]   eps=0.5: value=0.0007, ESS=0.6%
[OPE]   eps=0.1: value=1272.5748, ESS=31.1%
[OPE] Method: WIS
[OPE]   random: value=0.5128, ESS=0.0%
[OPE]   eps=0.5: value=0.6102, ESS=0.6%
[OPE]   eps=0.1: value=0.8527, ESS=31.1%
[OPE] Method: PDIS
[OPE]   random: value=0.1522, ESS=2.8%
[OPE]   eps=0.5: value=0.2877, ESS=13.7%
[OPE]   eps=0.1: value=156.9928, ESS=31.1%

──────────────────────────────────────────────────────────────────────
  Ranking Comparison
──────────────────────────────────────────────────────────────────────

[RANKING] IS:
[RANKING]   OPE ranking: ['eps=0.1', 'eps=0.5', 'random']
[RANKING]   Spearman ρ: 1.000000
[RANKING]   Top-1 mismatch: 0
  → spearman_IS: 1.000000 (rank correlation)
  → top1_error_IS: 0.000000 (0=correct, 1=mismatch)
[RANKING] WIS:
[RANKING]   OPE ranking: ['eps=0.1', 'eps=0.5', 'random']
[RANKING]   Spearman ρ: 1.000000
[RANKING]   Top-1 mismatch: 0
  → spearman_WIS: 1.000000 (rank correlation)
  → top1_error_WIS: 0.000000 (0=correct, 1=mismatch)
[RANKING] PDIS:
[RANKING]   OPE ranking: ['eps=0.1', 'eps=0.5', 'random']
[RANKING]   Spearman ρ: 1.000000
[RANKING]   Top-1 mismatch: 0
  → spearman_PDIS: 1.000000 (rank correlation)
  → top1_error_PDIS: 0.000000 (0=correct, 1=mismatch)

──────────────────────────────────────────────────────────────────────
  Visualization
──────────────────────────────────────────────────────────────────────

[VIZ] Saved: scatter_is.png
[VIZ] Saved: scatter_wis.png
[VIZ] Saved: scatter_pdis.png

──────────────────────────────────────────────────────────────────────
  Experiment Summary
──────────────────────────────────────────────────────────────────────

✅ All metrics computed successfully
[SUMMARY] Ground truth ranking: ['eps=0.1', 'eps=0.5', 'random']
[SUMMARY] OPE Spearman correlations:
[SUMMARY]   IS: 1.0000
[SUMMARY]   WIS: 1.0000
[SUMMARY]   PDIS: 1.0000
  → experiment_results recorded (Complete results)