======================================================================
Experiment: exp_05_dominance_robust
Started: 2026-03-05T01:11:39.539331
Output Directory: results/exp_05_dominance_robust/20260305_011139
======================================================================


──────────────────────────────────────────────────────────────────────
  Setup & Configuration
──────────────────────────────────────────────────────────────────────

[ENV] Gridworld 5x5
[POLICIES] Created 5 policies: ['ε=0.0', 'ε=0.1', 'ε=0.3', 'ε=0.5', 'ε=0.8']

──────────────────────────────────────────────────────────────────────
  Two Evaluation Scenarios
──────────────────────────────────────────────────────────────────────

[SCENARIO] Scenario 1: GOOD behavior policy (ε=0.3)
[SCENARIO] Scenario 2: BAD behavior policy (ε=0.9, avoids goal)

──────────────────────────────────────────────────────────────────────
  Ground Truth Evaluation
──────────────────────────────────────────────────────────────────────

  → true_value_ε=0.0: 0.864131
  → true_value_ε=0.1: 0.849804
  → true_value_ε=0.3: 0.805578
  → true_value_ε=0.5: 0.732414
  → true_value_ε=0.8: 0.381947
[GROUND_TRUTH] Ranking: ['ε=0.0', 'ε=0.1', 'ε=0.3', 'ε=0.5', 'ε=0.8']

──────────────────────────────────────────────────────────────────────
  OPE Evaluation (Scenario 1: Good behavior)
──────────────────────────────────────────────────────────────────────

  → ope_good_ε=0.0: 0.864131
  → ope_good_ε=0.1: 0.853392
  → ope_good_ε=0.3: 0.804703
  → ope_good_ε=0.5: 0.600915
  → ope_good_ε=0.8: 0.483174
[RANKING_GOOD] OPE ranking: ['ε=0.0', 'ε=0.1', 'ε=0.3', 'ε=0.5', 'ε=0.8']

──────────────────────────────────────────────────────────────────────
  OPE Evaluation (Scenario 2: Bad behavior)
──────────────────────────────────────────────────────────────────────

  → ope_bad_ε=0.0: 0.000000
  → ope_bad_ε=0.1: 0.827996
  → ope_bad_ε=0.3: 0.818550
  → ope_bad_ε=0.5: 0.849167
  → ope_bad_ε=0.8: 0.798828
[RANKING_BAD] OPE ranking: ['ε=0.5', 'ε=0.1', 'ε=0.3', 'ε=0.8', 'ε=0.0']

──────────────────────────────────────────────────────────────────────
  Policy Selection Comparison
──────────────────────────────────────────────────────────────────────

[RANKING_SELECT] Scenario 1 best: ε=0.0
[RANKING_SELECT] Scenario 2 best: ε=0.5
  → ranking_consistent: 0.000000 (selection consistency (1=same policy selected))
[DOMINANCE_SELECT] Robust policies (worst-case ≥ median): ['ε=0.0']
  → n_dominant_policies: 1.000000 (number of robust policies selected)

──────────────────────────────────────────────────────────────────────
  Visualization
──────────────────────────────────────────────────────────────────────

❌ ERROR: Experiment failed: shape mismatch: objects cannot be broadcast to a single shape.  Mismatch is between arg 0 with shape (5,) and arg 1 with shape (2,).

──────────────────────────────────────────────────────────────────────
  ERROR TRACEBACK
──────────────────────────────────────────────────────────────────────

Traceback (most recent call last):
  File "/Users/dhruv21/VSC-All/Causal_RL/v2/experiments/exp_05_dominance_robust.py", line 248, in main
    ax[1].bar(x, min_values, color=colors, edgecolor='black', linewidth=2, alpha=0.7)
  File "/Users/dhruv21/Library/Python/3.9/lib/python/site-packages/matplotlib/__init__.py", line 1476, in inner
    return func(
  File "/Users/dhruv21/Library/Python/3.9/lib/python/site-packages/matplotlib/axes/_axes.py", line 2520, in bar
    x, height, width, y, linewidth, hatch = np.broadcast_arrays(
  File "/Users/dhruv21/Library/Python/3.9/lib/python/site-packages/numpy/lib/_stride_tricks_impl.py", line 551, in broadcast_arrays
    shape = _broadcast_shape(*args)
  File "/Users/dhruv21/Library/Python/3.9/lib/python/site-packages/numpy/lib/_stride_tricks_impl.py", line 431, in _broadcast_shape
    b = np.broadcast(*args[:32])
ValueError: shape mismatch: objects cannot be broadcast to a single shape.  Mismatch is between arg 0 with shape (5,) and arg 1 with shape (2,).
